// Jest Snapshot v1, https://goo.gl/fbAQLP

exports[`App component should render 1`] = `
<div>
  <header>
    <h1>
      Tray.io
    </h1>
    <div>
      <h3>
        Stepper
      </h3>
      <div
        class="sc-AxhCb gzDXAC"
      >
        <button
          class="sc-AxhUy frAXYW"
          type="button"
        >
          User
        </button>
        <button
          class="sc-AxhUy JpgiS"
          type="button"
        >
          Privacy
        </button>
        <button
          class="sc-AxhUy JpgiS"
          type="button"
        >
          Done
        </button>
      </div>
      <div
        class="sc-AxjAm eYcNGP"
      >
        <form
          action="#"
        >
          <input
            name="name"
            type="text"
            value=""
          />
          <input
            name="role"
            type="text"
            value=""
          />
          <input
            name="email"
            type="email"
            value=""
          />
          <input
            name="password"
            type="password"
            value=""
          />
          <button
            type="submit"
          >
            Submit
          </button>
        </form>
      </div>
      <button
        type="button"
      >
        Next
      </button>
    </div>
  </header>
</div>
`;
