// Jest Snapshot v1, https://goo.gl/fbAQLP

exports[`App component should render 1`] = `
<div>
  <header>
    <h1>
      Tray.io
    </h1>
    <div>
      <h3>
        Stepper
      </h3>
      <div
        class="sc-Axmtr hIHYcU"
      >
        <button
          class="sc-AxmLO fROoHo"
          type="button"
        >
          User
        </button>
        <button
          class="sc-AxmLO czrXYU"
          type="button"
        >
          Privacy
        </button>
        <button
          class="sc-AxmLO czrXYU"
          type="button"
        >
          Done
        </button>
      </div>
      <div
        class="sc-AxjAm kaYqpa"
      >
        <form
          action="#"
          class="sc-AxirZ eTxVFc"
        >
          <label
            class="sc-AxhCb dlfVju"
          >
            Name:
            <input
              class="sc-AxiKw bEmcek"
              name="name"
              type="text"
              value=""
            />
          </label>
          <label
            class="sc-AxhCb dlfVju"
          >
            Role:
            <input
              class="sc-AxiKw bEmcek"
              name="role"
              type="text"
              value=""
            />
          </label>
          <label
            class="sc-AxhCb dlfVju"
          >
            Email:
            <input
              class="sc-AxiKw bEmcek"
              name="email"
              type="email"
              value=""
            />
          </label>
          <label
            class="sc-AxhCb dlfVju"
          >
            Password:
            <input
              class="sc-AxiKw bEmcek"
              name="password"
              type="password"
              value=""
            />
          </label>
          <button
            class="sc-AxhUy qvFKl"
            type="submit"
          >
            Submit
          </button>
        </form>
      </div>
      <button
        type="button"
      >
        Next
      </button>
    </div>
  </header>
</div>
`;
