// Jest Snapshot v1, https://goo.gl/fbAQLP

exports[`SignUpForm component should render 1`] = `
<div
  class="sc-AxirZ jfPcbx"
>
  <p
    class="sc-AxiKw kRFcPg"
  >
    <span
      class="sc-AxhCb ddwoFZ"
    >
      *
    </span>
     indicates a required field
  </p>
  <form
    action="#"
    class="sc-AxhUy kRznDN"
  >
    <label
      class="sc-AxheI cMlacN"
      for="name"
    >
      Name: 
      <span
        class="sc-AxhCb ddwoFZ"
      >
        *
      </span>
    </label>
    <input
      class="sc-AxgMl dYwfyb"
      data-testid="signUpNameInput"
      id="name"
      name="name"
      placeholder="Joe Bloggs"
      type="text"
      value=""
    />
    <label
      class="sc-AxheI cMlacN"
      for="role"
    >
      Role:
    </label>
    <input
      class="sc-AxgMl dYwfyb"
      data-testid="signUpRoleInput"
      id="role"
      name="role"
      placeholder="Software Engineer"
      type="text"
      value=""
    />
    <label
      class="sc-AxheI cMlacN"
      for="email"
    >
      Email: 
      <span
        class="sc-AxhCb ddwoFZ"
      >
        *
      </span>
    </label>
    <input
      class="sc-AxgMl dYwfyb"
      data-testid="signUpEmailInput"
      id="email"
      name="email"
      placeholder="hello@email.com"
      type="email"
      value=""
    />
    <label
      class="sc-AxheI cMlacN"
      for="password"
    >
      Password: 
      <span
        class="sc-AxhCb ddwoFZ"
      >
        *
      </span>
    </label>
    <input
      class="sc-AxgMl dYwfyb"
      data-testid="signUpPasswordInput"
      id="password"
      name="password"
      placeholder="Secret password..."
      type="password"
      value=""
    />
    <button
      class="sc-AxjAm jyhTFg"
      data-testid="signUpSubmitButton"
      type="submit"
    >
      Submit
    </button>
  </form>
</div>
`;
